58192 2026-04-02 11:09:53,954 webull.core.http.initializer.client_initializer INFO _check_token_enable result is True
58192 2026-04-02 11:09:53,956 webull.core.http.initializer.token.token_storage INFO storage_token uses the default configuration, conf.
58192 2026-04-02 11:09:53,957 webull.core.http.initializer.token.token_storage INFO storage_token initialized path:C:\Users\yalil\OneDrive\Desktop\AI-projects\quantitivestocks\conf\token.txt.
58192 2026-04-02 11:09:53,958 webull.core.http.initializer.token.token_manager INFO load_token_from_local file not exists, file:C:\Users\yalil\OneDrive\Desktop\AI-projects\quantitivestocks\conf\token.txt.
58192 2026-04-02 11:09:54,512 webull.core.http.initializer.token.token_manager INFO fetch_token_from_server create_token result. token:90f3da******58a2c1 expires:1775153754275 status:PENDING
58192 2026-04-02 11:09:54,515 webull.core.http.initializer.token.token_manager INFO fetch_token_from_server started check_token loop. token:90f3da******58a2c1 duration_seconds:300 interval_seconds:5
58192 2026-04-02 11:09:54,732 webull.core.http.initializer.token.token_manager INFO fetch_token_from_server result of current check_token loop. token:90f3da******58a2c1 expires:1775153754275 status:PENDING
58192 2026-04-02 11:09:54,732 webull.core.http.initializer.token.token_manager INFO fetch_token_from_server status not verified, check_token loop will start, waiting 5 seconds... (elapsed 0s / 300s). For more details, please visit the OpenAPI official website.
58192 2026-04-02 11:09:59,930 webull.core.http.initializer.token.token_manager INFO fetch_token_from_server result of current check_token loop. token:90f3da******58a2c1 expires:1775153754275 status:PENDING
58192 2026-04-02 11:09:59,930 webull.core.http.initializer.token.token_manager INFO fetch_token_from_server status not verified, check_token loop will start, waiting 5 seconds... (elapsed 5s / 300s). For more details, please visit the OpenAPI official website.
58192 2026-04-02 11:10:04,771 webull.core.http.initializer.token.token_manager INFO fetch_token_from_server result of current check_token loop. token:90f3da******58a2c1 expires:1775153754275 status:PENDING
58192 2026-04-02 11:10:04,771 webull.core.http.initializer.token.token_manager INFO fetch_token_from_server status not verified, check_token loop will start, waiting 5 seconds... (elapsed 10s / 300s). For more details, please visit the OpenAPI official website.
58192 2026-04-02 11:10:09,744 webull.core.http.initializer.token.token_manager INFO fetch_token_from_server result of current check_token loop. token:90f3da******58a2c1 expires:1775153754275 status:PENDING
58192 2026-04-02 11:10:09,744 webull.core.http.initializer.token.token_manager INFO fetch_token_from_server status not verified, check_token loop will start, waiting 5 seconds... (elapsed 15s / 300s). For more details, please visit the OpenAPI official website.
58192 2026-04-02 11:10:14,911 webull.core.http.initializer.token.token_manager INFO fetch_token_from_server result of current check_token loop. token:90f3da******58a2c1 expires:1775153754275 status:PENDING
58192 2026-04-02 11:10:14,911 webull.core.http.initializer.token.token_manager INFO fetch_token_from_server status not verified, check_token loop will start, waiting 5 seconds... (elapsed 20s / 300s). For more details, please visit the OpenAPI official website.
58192 2026-04-02 11:10:19,809 webull.core.http.initializer.token.token_manager INFO fetch_token_from_server result of current check_token loop. token:90f3da******58a2c1 expires:1775153754275 status:PENDING
58192 2026-04-02 11:10:19,809 webull.core.http.initializer.token.token_manager INFO fetch_token_from_server status not verified, check_token loop will start, waiting 5 seconds... (elapsed 25s / 300s). For more details, please visit the OpenAPI official website.
58192 2026-04-02 11:10:25,000 webull.core.http.initializer.token.token_manager INFO fetch_token_from_server result of current check_token loop. token:90f3da******58a2c1 expires:1775153754275 status:PENDING
58192 2026-04-02 11:10:25,000 webull.core.http.initializer.token.token_manager INFO fetch_token_from_server status not verified, check_token loop will start, waiting 5 seconds... (elapsed 30s / 300s). For more details, please visit the OpenAPI official website.
58192 2026-04-02 11:10:29,928 webull.core.http.initializer.token.token_manager INFO fetch_token_from_server result of current check_token loop. token:90f3da******58a2c1 expires:1775153754275 status:PENDING
58192 2026-04-02 11:10:29,928 webull.core.http.initializer.token.token_manager INFO fetch_token_from_server status not verified, check_token loop will start, waiting 5 seconds... (elapsed 35s / 300s). For more details, please visit the OpenAPI official website.
58192 2026-04-02 11:10:34,904 webull.core.http.initializer.token.token_manager INFO fetch_token_from_server result of current check_token loop. token:90f3da******58a2c1 expires:1775153754275 status:PENDING
58192 2026-04-02 11:10:34,904 webull.core.http.initializer.token.token_manager INFO fetch_token_from_server status not verified, check_token loop will start, waiting 5 seconds... (elapsed 40s / 300s). For more details, please visit the OpenAPI official website.
58192 2026-04-02 11:10:39,867 webull.core.http.initializer.token.token_manager INFO fetch_token_from_server result of current check_token loop. token:90f3da******58a2c1 expires:1775153754275 status:PENDING
58192 2026-04-02 11:10:39,867 webull.core.http.initializer.token.token_manager INFO fetch_token_from_server status not verified, check_token loop will start, waiting 5 seconds... (elapsed 45s / 300s). For more details, please visit the OpenAPI official website.
58192 2026-04-02 11:10:44,778 webull.core.http.initializer.token.token_manager INFO fetch_token_from_server result of current check_token loop. token:90f3da******58a2c1 expires:1775153754275 status:PENDING
58192 2026-04-02 11:10:44,778 webull.core.http.initializer.token.token_manager INFO fetch_token_from_server status not verified, check_token loop will start, waiting 5 seconds... (elapsed 50s / 300s). For more details, please visit the OpenAPI official website.
58192 2026-04-02 11:10:49,964 webull.core.http.initializer.token.token_manager INFO fetch_token_from_server result of current check_token loop. token:90f3da******58a2c1 expires:1775153754275 status:PENDING
58192 2026-04-02 11:10:49,964 webull.core.http.initializer.token.token_manager INFO fetch_token_from_server status not verified, check_token loop will start, waiting 5 seconds... (elapsed 55s / 300s). For more details, please visit the OpenAPI official website.
58192 2026-04-02 11:10:54,878 webull.core.http.initializer.token.token_manager INFO fetch_token_from_server result of current check_token loop. token:90f3da******58a2c1 expires:1775153754275 status:PENDING
58192 2026-04-02 11:10:54,878 webull.core.http.initializer.token.token_manager INFO fetch_token_from_server status not verified, check_token loop will start, waiting 5 seconds... (elapsed 60s / 300s). For more details, please visit the OpenAPI official website.
58192 2026-04-02 11:10:59,830 webull.core.http.initializer.token.token_manager INFO fetch_token_from_server result of current check_token loop. token:90f3da******58a2c1 expires:1775153754275 status:PENDING
58192 2026-04-02 11:10:59,830 webull.core.http.initializer.token.token_manager INFO fetch_token_from_server status not verified, check_token loop will start, waiting 5 seconds... (elapsed 65s / 300s). For more details, please visit the OpenAPI official website.
58192 2026-04-02 11:11:04,742 webull.core.http.initializer.token.token_manager INFO fetch_token_from_server result of current check_token loop. token:90f3da******58a2c1 expires:1775153754275 status:PENDING
58192 2026-04-02 11:11:04,742 webull.core.http.initializer.token.token_manager INFO fetch_token_from_server status not verified, check_token loop will start, waiting 5 seconds... (elapsed 70s / 300s). For more details, please visit the OpenAPI official website.
58192 2026-04-02 11:11:09,780 webull.core.http.initializer.token.token_manager INFO fetch_token_from_server result of current check_token loop. token:90f3da******58a2c1 expires:1775153754275 status:PENDING
58192 2026-04-02 11:11:09,780 webull.core.http.initializer.token.token_manager INFO fetch_token_from_server status not verified, check_token loop will start, waiting 5 seconds... (elapsed 75s / 300s). For more details, please visit the OpenAPI official website.
58192 2026-04-02 11:11:14,825 webull.core.http.initializer.token.token_manager INFO fetch_token_from_server result of current check_token loop. token:90f3da******58a2c1 expires:1775153754275 status:PENDING
58192 2026-04-02 11:11:14,826 webull.core.http.initializer.token.token_manager INFO fetch_token_from_server status not verified, check_token loop will start, waiting 5 seconds... (elapsed 80s / 300s). For more details, please visit the OpenAPI official website.
58192 2026-04-02 11:11:19,822 webull.core.http.initializer.token.token_manager INFO fetch_token_from_server result of current check_token loop. token:90f3da******58a2c1 expires:1775153754275 status:PENDING
58192 2026-04-02 11:11:19,822 webull.core.http.initializer.token.token_manager INFO fetch_token_from_server status not verified, check_token loop will start, waiting 5 seconds... (elapsed 85s / 300s). For more details, please visit the OpenAPI official website.
58192 2026-04-02 11:11:24,703 webull.core.http.initializer.token.token_manager INFO fetch_token_from_server result of current check_token loop. token:90f3da******58a2c1 expires:1775153754275 status:PENDING
58192 2026-04-02 11:11:24,703 webull.core.http.initializer.token.token_manager INFO fetch_token_from_server status not verified, check_token loop will start, waiting 5 seconds... (elapsed 90s / 300s). For more details, please visit the OpenAPI official website.
58192 2026-04-02 11:11:29,752 webull.core.http.initializer.token.token_manager INFO fetch_token_from_server result of current check_token loop. token:90f3da******58a2c1 expires:1775153754275 status:PENDING
58192 2026-04-02 11:11:29,752 webull.core.http.initializer.token.token_manager INFO fetch_token_from_server status not verified, check_token loop will start, waiting 5 seconds... (elapsed 95s / 300s). For more details, please visit the OpenAPI official website.
58192 2026-04-02 11:11:34,831 webull.core.http.initializer.token.token_manager INFO fetch_token_from_server result of current check_token loop. token:90f3da******58a2c1 expires:1775153754275 status:PENDING
58192 2026-04-02 11:11:34,831 webull.core.http.initializer.token.token_manager INFO fetch_token_from_server status not verified, check_token loop will start, waiting 5 seconds... (elapsed 100s / 300s). For more details, please visit the OpenAPI official website.
58192 2026-04-02 11:11:39,866 webull.core.http.initializer.token.token_manager INFO fetch_token_from_server result of current check_token loop. token:90f3da******58a2c1 expires:1775153754275 status:PENDING
58192 2026-04-02 11:11:39,867 webull.core.http.initializer.token.token_manager INFO fetch_token_from_server status not verified, check_token loop will start, waiting 5 seconds... (elapsed 105s / 300s). For more details, please visit the OpenAPI official website.
58192 2026-04-02 11:11:44,854 webull.core.http.initializer.token.token_manager INFO fetch_token_from_server result of current check_token loop. token:90f3da******58a2c1 expires:1775153754275 status:PENDING
58192 2026-04-02 11:11:44,854 webull.core.http.initializer.token.token_manager INFO fetch_token_from_server status not verified, check_token loop will start, waiting 5 seconds... (elapsed 110s / 300s). For more details, please visit the OpenAPI official website.
58192 2026-04-02 11:11:49,761 webull.core.http.initializer.token.token_manager INFO fetch_token_from_server result of current check_token loop. token:90f3da******58a2c1 expires:1775153754275 status:PENDING
58192 2026-04-02 11:11:49,761 webull.core.http.initializer.token.token_manager INFO fetch_token_from_server status not verified, check_token loop will start, waiting 5 seconds... (elapsed 115s / 300s). For more details, please visit the OpenAPI official website.
58192 2026-04-02 11:11:54,735 webull.core.http.initializer.token.token_manager INFO fetch_token_from_server result of current check_token loop. token:90f3da******58a2c1 expires:1775153754275 status:PENDING
58192 2026-04-02 11:11:54,735 webull.core.http.initializer.token.token_manager INFO fetch_token_from_server status not verified, check_token loop will start, waiting 5 seconds... (elapsed 120s / 300s). For more details, please visit the OpenAPI official website.
58192 2026-04-02 11:11:59,822 webull.core.http.initializer.token.token_manager INFO fetch_token_from_server result of current check_token loop. token:90f3da******58a2c1 expires:1775153754275 status:PENDING
58192 2026-04-02 11:11:59,822 webull.core.http.initializer.token.token_manager INFO fetch_token_from_server status not verified, check_token loop will start, waiting 5 seconds... (elapsed 125s / 300s). For more details, please visit the OpenAPI official website.
58192 2026-04-02 11:12:04,725 webull.core.http.initializer.token.token_manager INFO fetch_token_from_server result of current check_token loop. token:90f3da******58a2c1 expires:1775153754275 status:PENDING
58192 2026-04-02 11:12:04,725 webull.core.http.initializer.token.token_manager INFO fetch_token_from_server status not verified, check_token loop will start, waiting 5 seconds... (elapsed 130s / 300s). For more details, please visit the OpenAPI official website.
58192 2026-04-02 11:12:09,709 webull.core.http.initializer.token.token_manager INFO fetch_token_from_server result of current check_token loop. token:90f3da******58a2c1 expires:1775153754275 status:PENDING
58192 2026-04-02 11:12:09,709 webull.core.http.initializer.token.token_manager INFO fetch_token_from_server status not verified, check_token loop will start, waiting 5 seconds... (elapsed 135s / 300s). For more details, please visit the OpenAPI official website.
58192 2026-04-02 11:12:14,836 webull.core.http.initializer.token.token_manager INFO fetch_token_from_server result of current check_token loop. token:90f3da******58a2c1 expires:1775153754275 status:PENDING
58192 2026-04-02 11:12:14,836 webull.core.http.initializer.token.token_manager INFO fetch_token_from_server status not verified, check_token loop will start, waiting 5 seconds... (elapsed 140s / 300s). For more details, please visit the OpenAPI official website.
58192 2026-04-02 11:12:19,721 webull.core.http.initializer.token.token_manager INFO fetch_token_from_server result of current check_token loop. token:90f3da******58a2c1 expires:1775153754275 status:PENDING
58192 2026-04-02 11:12:19,721 webull.core.http.initializer.token.token_manager INFO fetch_token_from_server status not verified, check_token loop will start, waiting 5 seconds... (elapsed 145s / 300s). For more details, please visit the OpenAPI official website.
58192 2026-04-02 11:12:24,847 webull.core.http.initializer.token.token_manager INFO fetch_token_from_server result of current check_token loop. token:90f3da******58a2c1 expires:1775153754275 status:PENDING
58192 2026-04-02 11:12:24,847 webull.core.http.initializer.token.token_manager INFO fetch_token_from_server status not verified, check_token loop will start, waiting 5 seconds... (elapsed 150s / 300s). For more details, please visit the OpenAPI official website.
58192 2026-04-02 11:12:29,718 webull.core.http.initializer.token.token_manager INFO fetch_token_from_server result of current check_token loop. token:90f3da******58a2c1 expires:1775153754275 status:PENDING
58192 2026-04-02 11:12:29,718 webull.core.http.initializer.token.token_manager INFO fetch_token_from_server status not verified, check_token loop will start, waiting 5 seconds... (elapsed 155s / 300s). For more details, please visit the OpenAPI official website.
58192 2026-04-02 11:12:34,826 webull.core.http.initializer.token.token_manager INFO fetch_token_from_server result of current check_token loop. token:90f3da******58a2c1 expires:1775153754275 status:PENDING
58192 2026-04-02 11:12:34,826 webull.core.http.initializer.token.token_manager INFO fetch_token_from_server status not verified, check_token loop will start, waiting 5 seconds... (elapsed 160s / 300s). For more details, please visit the OpenAPI official website.
58192 2026-04-02 11:12:39,773 webull.core.http.initializer.token.token_manager INFO fetch_token_from_server result of current check_token loop. token:90f3da******58a2c1 expires:1775153754275 status:PENDING
58192 2026-04-02 11:12:39,773 webull.core.http.initializer.token.token_manager INFO fetch_token_from_server status not verified, check_token loop will start, waiting 5 seconds... (elapsed 165s / 300s). For more details, please visit the OpenAPI official website.
58192 2026-04-02 11:12:44,796 webull.core.http.initializer.token.token_manager INFO fetch_token_from_server result of current check_token loop. token:90f3da******58a2c1 expires:1775153754275 status:PENDING
58192 2026-04-02 11:12:44,796 webull.core.http.initializer.token.token_manager INFO fetch_token_from_server status not verified, check_token loop will start, waiting 5 seconds... (elapsed 170s / 300s). For more details, please visit the OpenAPI official website.
58192 2026-04-02 11:12:49,822 webull.core.http.initializer.token.token_manager INFO fetch_token_from_server result of current check_token loop. token:90f3da******58a2c1 expires:1775153754275 status:PENDING
58192 2026-04-02 11:12:49,822 webull.core.http.initializer.token.token_manager INFO fetch_token_from_server status not verified, check_token loop will start, waiting 5 seconds... (elapsed 175s / 300s). For more details, please visit the OpenAPI official website.
58192 2026-04-02 11:12:54,826 webull.core.http.initializer.token.token_manager INFO fetch_token_from_server result of current check_token loop. token:90f3da******58a2c1 expires:1775153754275 status:PENDING
58192 2026-04-02 11:12:54,826 webull.core.http.initializer.token.token_manager INFO fetch_token_from_server status not verified, check_token loop will start, waiting 5 seconds... (elapsed 180s / 300s). For more details, please visit the OpenAPI official website.
58192 2026-04-02 11:12:59,777 webull.core.http.initializer.token.token_manager INFO fetch_token_from_server result of current check_token loop. token:90f3da******58a2c1 expires:1775153754275 status:PENDING
58192 2026-04-02 11:12:59,777 webull.core.http.initializer.token.token_manager INFO fetch_token_from_server status not verified, check_token loop will start, waiting 5 seconds... (elapsed 185s / 300s). For more details, please visit the OpenAPI official website.
58192 2026-04-02 11:13:04,946 webull.core.http.initializer.token.token_manager INFO fetch_token_from_server result of current check_token loop. token:90f3da******58a2c1 expires:1775153754275 status:PENDING
58192 2026-04-02 11:13:04,946 webull.core.http.initializer.token.token_manager INFO fetch_token_from_server status not verified, check_token loop will start, waiting 5 seconds... (elapsed 190s / 300s). For more details, please visit the OpenAPI official website.
58192 2026-04-02 11:13:09,777 webull.core.http.initializer.token.token_manager INFO fetch_token_from_server result of current check_token loop. token:90f3da******58a2c1 expires:1775153754275 status:PENDING
58192 2026-04-02 11:13:09,777 webull.core.http.initializer.token.token_manager INFO fetch_token_from_server status not verified, check_token loop will start, waiting 5 seconds... (elapsed 195s / 300s). For more details, please visit the OpenAPI official website.
58192 2026-04-02 11:13:14,784 webull.core.http.initializer.token.token_manager INFO fetch_token_from_server result of current check_token loop. token:90f3da******58a2c1 expires:1775153754275 status:PENDING
58192 2026-04-02 11:13:14,784 webull.core.http.initializer.token.token_manager INFO fetch_token_from_server status not verified, check_token loop will start, waiting 5 seconds... (elapsed 200s / 300s). For more details, please visit the OpenAPI official website.
58192 2026-04-02 11:13:19,942 webull.core.http.initializer.token.token_manager INFO fetch_token_from_server result of current check_token loop. token:90f3da******58a2c1 expires:1775153754275 status:PENDING
58192 2026-04-02 11:13:19,942 webull.core.http.initializer.token.token_manager INFO fetch_token_from_server status not verified, check_token loop will start, waiting 5 seconds... (elapsed 205s / 300s). For more details, please visit the OpenAPI official website.
58192 2026-04-02 11:13:24,857 webull.core.http.initializer.token.token_manager INFO fetch_token_from_server result of current check_token loop. token:90f3da******58a2c1 expires:1775153754275 status:PENDING
58192 2026-04-02 11:13:24,858 webull.core.http.initializer.token.token_manager INFO fetch_token_from_server status not verified, check_token loop will start, waiting 5 seconds... (elapsed 210s / 300s). For more details, please visit the OpenAPI official website.
58192 2026-04-02 11:13:29,935 webull.core.http.initializer.token.token_manager INFO fetch_token_from_server result of current check_token loop. token:90f3da******58a2c1 expires:1775153754275 status:PENDING
58192 2026-04-02 11:13:29,935 webull.core.http.initializer.token.token_manager INFO fetch_token_from_server status not verified, check_token loop will start, waiting 5 seconds... (elapsed 215s / 300s). For more details, please visit the OpenAPI official website.
58192 2026-04-02 11:13:34,845 webull.core.http.initializer.token.token_manager INFO fetch_token_from_server result of current check_token loop. token:90f3da******58a2c1 expires:1775153754275 status:PENDING
58192 2026-04-02 11:13:34,846 webull.core.http.initializer.token.token_manager INFO fetch_token_from_server status not verified, check_token loop will start, waiting 5 seconds... (elapsed 220s / 300s). For more details, please visit the OpenAPI official website.
58192 2026-04-02 11:13:39,744 webull.core.http.initializer.token.token_manager INFO fetch_token_from_server result of current check_token loop. token:90f3da******58a2c1 expires:1775153754275 status:PENDING
58192 2026-04-02 11:13:39,744 webull.core.http.initializer.token.token_manager INFO fetch_token_from_server status not verified, check_token loop will start, waiting 5 seconds... (elapsed 225s / 300s). For more details, please visit the OpenAPI official website.
58192 2026-04-02 11:13:44,759 webull.core.http.initializer.token.token_manager INFO fetch_token_from_server result of current check_token loop. token:90f3da******58a2c1 expires:1775153754275 status:PENDING
58192 2026-04-02 11:13:44,759 webull.core.http.initializer.token.token_manager INFO fetch_token_from_server status not verified, check_token loop will start, waiting 5 seconds... (elapsed 230s / 300s). For more details, please visit the OpenAPI official website.
58192 2026-04-02 11:13:49,891 webull.core.http.initializer.token.token_manager INFO fetch_token_from_server result of current check_token loop. token:90f3da******58a2c1 expires:1775153754275 status:PENDING
58192 2026-04-02 11:13:49,891 webull.core.http.initializer.token.token_manager INFO fetch_token_from_server status not verified, check_token loop will start, waiting 5 seconds... (elapsed 235s / 300s). For more details, please visit the OpenAPI official website.
58192 2026-04-02 11:13:54,763 webull.core.http.initializer.token.token_manager INFO fetch_token_from_server result of current check_token loop. token:90f3da******58a2c1 expires:1775153754275 status:PENDING
58192 2026-04-02 11:13:54,763 webull.core.http.initializer.token.token_manager INFO fetch_token_from_server status not verified, check_token loop will start, waiting 5 seconds... (elapsed 240s / 300s). For more details, please visit the OpenAPI official website.
58192 2026-04-02 11:13:59,962 webull.core.http.initializer.token.token_manager INFO fetch_token_from_server result of current check_token loop. token:90f3da******58a2c1 expires:1775153754275 status:PENDING
58192 2026-04-02 11:13:59,962 webull.core.http.initializer.token.token_manager INFO fetch_token_from_server status not verified, check_token loop will start, waiting 5 seconds... (elapsed 245s / 300s). For more details, please visit the OpenAPI official website.
58192 2026-04-02 11:14:04,799 webull.core.http.initializer.token.token_manager INFO fetch_token_from_server result of current check_token loop. token:90f3da******58a2c1 expires:1775153754275 status:PENDING
58192 2026-04-02 11:14:04,799 webull.core.http.initializer.token.token_manager INFO fetch_token_from_server status not verified, check_token loop will start, waiting 5 seconds... (elapsed 250s / 300s). For more details, please visit the OpenAPI official website.
58192 2026-04-02 11:14:09,930 webull.core.http.initializer.token.token_manager INFO fetch_token_from_server result of current check_token loop. token:90f3da******58a2c1 expires:1775153754275 status:PENDING
58192 2026-04-02 11:14:09,930 webull.core.http.initializer.token.token_manager INFO fetch_token_from_server status not verified, check_token loop will start, waiting 5 seconds... (elapsed 255s / 300s). For more details, please visit the OpenAPI official website.
58192 2026-04-02 11:14:14,917 webull.core.http.initializer.token.token_manager INFO fetch_token_from_server result of current check_token loop. token:90f3da******58a2c1 expires:1775153754275 status:PENDING
58192 2026-04-02 11:14:14,917 webull.core.http.initializer.token.token_manager INFO fetch_token_from_server status not verified, check_token loop will start, waiting 5 seconds... (elapsed 260s / 300s). For more details, please visit the OpenAPI official website.
58192 2026-04-02 11:14:19,931 webull.core.http.initializer.token.token_manager INFO fetch_token_from_server result of current check_token loop. token:90f3da******58a2c1 expires:1775153754275 status:PENDING
58192 2026-04-02 11:14:19,931 webull.core.http.initializer.token.token_manager INFO fetch_token_from_server status not verified, check_token loop will start, waiting 5 seconds... (elapsed 265s / 300s). For more details, please visit the OpenAPI official website.
58192 2026-04-02 11:14:24,808 webull.core.http.initializer.token.token_manager INFO fetch_token_from_server result of current check_token loop. token:90f3da******58a2c1 expires:1775153754275 status:PENDING
58192 2026-04-02 11:14:24,808 webull.core.http.initializer.token.token_manager INFO fetch_token_from_server status not verified, check_token loop will start, waiting 5 seconds... (elapsed 270s / 300s). For more details, please visit the OpenAPI official website.
58192 2026-04-02 11:14:29,916 webull.core.http.initializer.token.token_manager INFO fetch_token_from_server result of current check_token loop. token:90f3da******58a2c1 expires:1775153754275 status:PENDING
58192 2026-04-02 11:14:29,916 webull.core.http.initializer.token.token_manager INFO fetch_token_from_server status not verified, check_token loop will start, waiting 5 seconds... (elapsed 275s / 300s). For more details, please visit the OpenAPI official website.
58192 2026-04-02 11:14:34,809 webull.core.http.initializer.token.token_manager INFO fetch_token_from_server result of current check_token loop. token:90f3da******58a2c1 expires:1775153754275 status:PENDING
58192 2026-04-02 11:14:34,809 webull.core.http.initializer.token.token_manager INFO fetch_token_from_server status not verified, check_token loop will start, waiting 5 seconds... (elapsed 280s / 300s). For more details, please visit the OpenAPI official website.
58192 2026-04-02 11:14:39,950 webull.core.http.initializer.token.token_manager INFO fetch_token_from_server result of current check_token loop. token:90f3da******58a2c1 expires:1775153754275 status:PENDING
58192 2026-04-02 11:14:39,950 webull.core.http.initializer.token.token_manager INFO fetch_token_from_server status not verified, check_token loop will start, waiting 5 seconds... (elapsed 285s / 300s). For more details, please visit the OpenAPI official website.
58192 2026-04-02 11:14:44,935 webull.core.http.initializer.token.token_manager INFO fetch_token_from_server result of current check_token loop. token:90f3da******58a2c1 expires:1775153754275 status:PENDING
58192 2026-04-02 11:14:44,935 webull.core.http.initializer.token.token_manager INFO fetch_token_from_server status not verified, check_token loop will start, waiting 5 seconds... (elapsed 290s / 300s). For more details, please visit the OpenAPI official website.
58192 2026-04-02 11:14:49,915 webull.core.http.initializer.token.token_manager INFO fetch_token_from_server result of current check_token loop. token:90f3da******58a2c1 expires:1775153754275 status:PENDING
58192 2026-04-02 11:14:49,916 webull.core.http.initializer.token.token_manager INFO fetch_token_from_server status not verified, check_token loop will start, waiting 5 seconds... (elapsed 295s / 300s). For more details, please visit the OpenAPI official website.
58192 2026-04-02 11:14:54,933 webull.core.http.initializer.token.token_manager INFO fetch_token_from_server result of current check_token loop. token:90f3da******58a2c1 expires:1775153754275 status:EXPIRED
58192 2026-04-02 11:14:54,933 webull.core.http.initializer.token.token_manager ERROR fetch_token_from_server check_token status invalidate. status:EXPIRED
