2026-03-16 15:23:02 [INFO] Loaded universe: 66 coins (screened 2026-03-16T18:35:22.453105+00:00)
  Training 66 coins from universe.json
2026-03-16 15:23:05 [INFO] === Training swing XGBoost for BTC-USD ===
2026-03-16 15:23:05 [INFO] Auto-split mode: will train on second half (newer data), backtest first half.
2026-03-16 15:23:05 [INFO] Fetching 1000 daily bars for BTC-USD...
2026-03-16 15:23:05 [INFO] Got 1000 bars.
2026-03-16 15:23:05 [INFO] Fetching SPY bars for relative momentum...
2026-03-16 15:23:05 [INFO] Got 1000 SPY bars.
2026-03-16 15:23:06 [INFO] Got 727 VIX rows.
2026-03-16 15:23:06 [INFO] Auto-split at midpoint (2024-11-02): training on 500 bars (second half).
2026-03-16 15:23:10 [INFO] Fetched 930 rows of sector breadth data.
2026-03-16 15:23:11 [INFO] Built 246 feature rows for BTC-USD.
2026-03-16 15:23:11 [INFO] Label Winsorization: clipped to [-0.1992, 0.1048] (1st/99th pctile)
2026-03-16 15:23:11 [INFO] Labeled 236 samples. Mean fwd return: -1.9434%
2026-03-16 15:23:11 [INFO] Train: 188, Val: 48.
2026-03-16 15:23:11 [INFO] Val RMSE: 0.088302 | Direction accuracy: 0.667
2026-03-16 15:23:11 [INFO] Top 10 features: btc_trend_strength=0.077, spy_trend_strength=0.075, factor_momentum=0.069, bb_pct_b=0.051, beta_mom=0.046, month_sin=0.046, sector_etf_rel_spy_21=0.041, fear_greed_index=0.037, real_yield_10y=0.035, correlation_regime=0.030
2026-03-16 15:23:11 [INFO] Feature importances saved \u2192 C:\Users\yalil\OneDrive\Desktop\AI-projects\quantitivestocks\models\crypto\BTC-USD_xgb_swing_importance.json
2026-03-16 15:23:11 [WARNING] [Feature Stability] BTC-USD: 'ret252' rank shifted by 15 (was #15, now #30)
2026-03-16 15:23:11 [WARNING] [Feature Stability] BTC-USD: 'ret63' rank shifted by 45 (was #34, now #79)
2026-03-16 15:23:11 [WARNING] [Feature Stability] BTC-USD: 'ret21' rank shifted by 12 (was #37, now #25)
2026-03-16 15:23:11 [WARNING] [Feature Stability] BTC-USD: 'rel_momentum_vs_spy_63' rank shifted by 32 (was #44, now #76)
2026-03-16 15:23:11 [WARNING] [Feature Stability] BTC-USD: 'vol20' rank shifted by 58 (was #16, now #74)
2026-03-16 15:23:11 [WARNING] [Feature Stability] BTC-USD: 'macd_hist_norm' rank shifted by 31 (was #73, now #42)
2026-03-16 15:23:11 [WARNING] [Feature Stability] BTC-USD: 'momentum_quality' rank shifted by 32 (was #43, now #75)
2026-03-16 15:23:11 [WARNING] [Feature Stability] BTC-USD: 'vix_pctrank' rank shifted by 29 (was #72, now #43)
2026-03-16 15:23:11 [WARNING] [Feature Stability] BTC-USD: 'sector_etf_rel_spy_21' rank shifted by 12 (was #19, now #7)
2026-03-16 15:23:11 [WARNING] [Feature Stability] BTC-USD: 'btc_realized_vol_30' rank shifted by 15 (was #3, now #18)
2026-03-16 15:23:11 [WARNING] [Feature Stability] BTC-USD: 'btc_drawdown' rank shifted by 11 (was #20, now #31)
2026-03-16 15:23:11 [WARNING] [Feature Stability] BTC-USD: 'fear_greed_index' rank shifted by 56 (was #64, now #8)
2026-03-16 15:23:11 [WARNING] [Feature Stability] BTC-USD: 'vix_term_inverted' rank shifted by 11 (was #51, now #62)
2026-03-16 15:23:11 [WARNING] [Feature Stability] BTC-USD: 'cboe_vix_term_ratio' rank shifted by 14 (was #49, now #63)
2026-03-16 15:23:11 [WARNING] [Feature Stability] BTC-USD: 'cboe_skew' rank shifted by 35 (was #50, now #15)
2026-03-16 15:23:11 [WARNING] [Feature Stability] BTC-USD: 'risk_appetite_ratio' rank shifted by 22 (was #7, now #29)
2026-03-16 15:23:11 [WARNING] [Feature Stability] BTC-USD: 'smallcap_rotation' rank shifted by 14 (was #5, now #19)
2026-03-16 15:23:11 [WARNING] [Feature Stability] BTC-USD: 'yield_curve_3m10y' rank shifted by 29 (was #40, now #11)
2026-03-16 15:23:11 [WARNING] [Feature Stability] BTC-USD: 'fomc_proximity' rank shifted by 24 (was #28, now #52)
2026-03-16 15:23:11 [WARNING] [Feature Stability] BTC-USD: 'sector_dispersion' rank shifted by 16 (was #25, now #41)
2026-03-16 15:23:11 [INFO] Saved swing XGBoost \u2192 C:\Users\yalil\OneDrive\Desktop\AI-projects\quantitivestocks\models\crypto\BTC-USD_xgb_swing.joblib (dir_acc=0.667)
2026-03-16 15:23:11 [INFO] [TFT] BTC-USD: 172 train / 44 val seqs, 79 features
2026-03-16 15:23:34 [INFO] [TFT] BTC-USD ep20: val_mse=0.016616  dir=0.318
2026-03-16 15:23:53 [INFO] [TFT] BTC-USD ep40: val_mse=0.013312  dir=0.364
2026-03-16 15:24:15 [INFO] [TFT] BTC-USD ep60: val_mse=0.010999  dir=0.364
2026-03-16 15:24:23 [INFO] [TFT] BTC-USD: early stop epoch 68  val_mse=0.009588  dir=0.364
2026-03-16 15:24:23 [INFO] [TFT] BTC-USD: final val_mse=0.009588  dir_acc=0.341
2026-03-16 15:24:23 [WARNING] [TFT] BTC-USD: dir_acc=0.341 < 0.50 — discarding TFT, XGBoost-only for this symbol.
2026-03-16 15:24:23 [INFO] === Training swing XGBoost for ETH-USD ===
2026-03-16 15:24:23 [INFO] Auto-split mode: will train on second half (newer data), backtest first half.
2026-03-16 15:24:23 [INFO] Fetching 1000 daily bars for ETH-USD...
2026-03-16 15:24:23 [INFO] Got 1000 bars.
2026-03-16 15:24:23 [INFO] Fetching SPY bars for relative momentum...
2026-03-16 15:24:23 [INFO] Got 1000 SPY bars.
2026-03-16 15:24:23 [INFO] Got 727 VIX rows.
2026-03-16 15:24:23 [INFO] Auto-split at midpoint (2024-11-02): training on 500 bars (second half).
2026-03-16 15:24:25 [WARNING] Cross-market fetch failed for dxy (DX-Y.NYB): 'chart'
2026-03-16 15:24:28 [INFO] Fetched 930 rows of sector breadth data.
2026-03-16 15:24:28 [INFO] Built 246 feature rows for ETH-USD.
2026-03-16 15:24:28 [INFO] Label Winsorization: clipped to [-0.2886, 0.2301] (1st/99th pctile)
2026-03-16 15:24:28 [INFO] Labeled 236 samples. Mean fwd return: -1.6554%
2026-03-16 15:24:28 [INFO] Train: 188, Val: 48.
2026-03-16 15:24:28 [INFO] Val RMSE: 0.130719 | Direction accuracy: 0.688
2026-03-16 15:24:28 [INFO] Top 10 features: spy_trend_strength=0.088, cboe_vix_term_spread=0.049, ret252=0.045, beta_hml=0.044, breakeven_inflation_5y=0.043, btc_trend_strength=0.038, bb_pct_b=0.037, factor_momentum=0.037, volume_trend=0.037, rel_momentum_vs_spy_252=0.036
2026-03-16 15:24:28 [INFO] Feature importances saved \u2192 C:\Users\yalil\OneDrive\Desktop\AI-projects\quantitivestocks\models\crypto\ETH-USD_xgb_swing_importance.json
2026-03-16 15:24:28 [WARNING] [Feature Stability] ETH-USD: 'ret63' rank shifted by 15 (was #25, now #40)
2026-03-16 15:24:28 [WARNING] [Feature Stability] ETH-USD: 'ret5' rank shifted by 34 (was #8, now #42)
2026-03-16 15:24:28 [WARNING] [Feature Stability] ETH-USD: 'rsi14' rank shifted by 53 (was #75, now #22)
2026-03-16 15:24:28 [WARNING] [Feature Stability] ETH-USD: 'bb_pct_b' rank shifted by 11 (was #18, now #7)
2026-03-16 15:24:28 [WARNING] [Feature Stability] ETH-USD: 'vix_pctrank' rank shifted by 38 (was #39, now #77)
2026-03-16 15:24:28 [WARNING] [Feature Stability] ETH-USD: 'dv_accel' rank shifted by 20 (was #64, now #44)
2026-03-16 15:24:28 [WARNING] [Feature Stability] ETH-USD: 'btc_drawdown' rank shifted by 13 (was #42, now #29)
2026-03-16 15:24:28 [WARNING] [Feature Stability] ETH-USD: 'eth_btc_ratio_zscore' rank shifted by 44 (was #31, now #75)
2026-03-16 15:24:28 [WARNING] [Feature Stability] ETH-USD: 'treasury_slope' rank shifted by 32 (was #68, now #36)
2026-03-16 15:24:28 [WARNING] [Feature Stability] ETH-USD: 'cboe_vix_term_spread' rank shifted by 12 (was #14, now #2)
2026-03-16 15:24:28 [WARNING] [Feature Stability] ETH-USD: 'cboe_vix_term_ratio' rank shifted by 20 (was #19, now #39)
2026-03-16 15:24:28 [WARNING] [Feature Stability] ETH-USD: 'cboe_skew' rank shifted by 11 (was #48, now #37)
2026-03-16 15:24:28 [WARNING] [Feature Stability] ETH-USD: 'credit_spread' rank shifted by 27 (was #50, now #23)
2026-03-16 15:24:28 [WARNING] [Feature Stability] ETH-USD: 'credit_spread_chg5' rank shifted by 18 (was #52, now #34)
2026-03-16 15:24:28 [WARNING] [Feature Stability] ETH-USD: 'credit_spread_zscore' rank shifted by 12 (was #53, now #41)
2026-03-16 15:24:28 [WARNING] [Feature Stability] ETH-USD: 'risk_appetite_trend' rank shifted by 16 (was #27, now #43)
2026-03-16 15:24:28 [WARNING] [Feature Stability] ETH-USD: 'yield_curve_3m10y' rank shifted by 25 (was #38, now #63)
2026-03-16 15:24:28 [WARNING] [Feature Stability] ETH-USD: 'real_yield_10y' rank shifted by 21 (was #41, now #62)
2026-03-16 15:24:28 [WARNING] [Feature Stability] ETH-USD: 'beta_mkt' rank shifted by 22 (was #36, now #14)
2026-03-16 15:24:28 [WARNING] [Feature Stability] ETH-USD: 'beta_smb' rank shifted by 28 (was #32, now #60)
2026-03-16 15:24:28 [WARNING] [Feature Stability] ETH-USD: 'iv_rv_zscore' rank shifted by 13 (was #13, now #26)
2026-03-16 15:24:28 [WARNING] [Feature Stability] ETH-USD: 'month_sin' rank shifted by 31 (was #47, now #16)
2026-03-16 15:24:28 [WARNING] [Feature Stability] ETH-USD: 'sector_breadth' rank shifted by 28 (was #24, now #52)
2026-03-16 15:24:28 [WARNING] [Feature Stability] ETH-USD: 'sector_dispersion' rank shifted by 37 (was #16, now #53)
2026-03-16 15:24:28 [INFO] Saved swing XGBoost \u2192 C:\Users\yalil\OneDrive\Desktop\AI-projects\quantitivestocks\models\crypto\ETH-USD_xgb_swing.joblib (dir_acc=0.688)
2026-03-16 15:24:28 [INFO] [TFT] ETH-USD: 172 train / 44 val seqs, 79 features
2026-03-16 15:24:49 [INFO] [TFT] ETH-USD ep20: val_mse=0.103704  dir=0.568
2026-03-16 15:25:09 [INFO] [TFT] ETH-USD ep40: val_mse=0.068808  dir=0.591
2026-03-16 15:25:29 [INFO] [TFT] ETH-USD ep60: val_mse=0.059058  dir=0.591
2026-03-16 15:25:41 [INFO] [TFT] ETH-USD: early stop epoch 72  val_mse=0.056359  dir=0.591
2026-03-16 15:25:42 [INFO] [TFT] ETH-USD: final val_mse=0.056359  dir_acc=0.591
2026-03-16 15:25:42 [INFO] [TFT] ETH-USD: saved \u2192 C:\Users\yalil\OneDrive\Desktop\AI-projects\quantitivestocks\models\crypto\ETH-USD_tft_swing.pt  (dir_acc=0.591)
2026-03-16 15:25:42 [INFO] === Training swing XGBoost for XRP-USD ===
2026-03-16 15:25:42 [INFO] Auto-split mode: will train on second half (newer data), backtest first half.
2026-03-16 15:25:42 [INFO] Fetching 1000 daily bars for XRP-USD...
2026-03-16 15:25:42 [INFO] Got 1000 bars.
2026-03-16 15:25:42 [INFO] Fetching SPY bars for relative momentum...
2026-03-16 15:25:42 [INFO] Got 1000 SPY bars.
2026-03-16 15:25:42 [INFO] Got 727 VIX rows.
2026-03-16 15:25:42 [INFO] Auto-split at midpoint (2024-11-02): training on 500 bars (second half).
2026-03-16 15:25:45 [WARNING] Cross-market fetch failed for dxy (DX-Y.NYB): 'chart'
2026-03-16 15:25:48 [INFO] Fetched 930 rows of sector breadth data.
2026-03-16 15:25:48 [INFO] Built 246 feature rows for XRP-USD.
2026-03-16 15:25:48 [INFO] Label Winsorization: clipped to [-0.2277, 0.2033] (1st/99th pctile)
2026-03-16 15:25:48 [INFO] Labeled 236 samples. Mean fwd return: -3.1008%
2026-03-16 15:25:48 [INFO] Train: 188, Val: 48.
2026-03-16 15:25:49 [INFO] Val RMSE: 0.098873 | Direction accuracy: 0.688
2026-03-16 15:25:49 [INFO] Top 10 features: rsi14=0.119, bb_pct_b=0.101, btc_trend_strength=0.059, spy_trend_strength=0.052, adx=0.051, eth_btc_ratio_zscore=0.041, vol_regime=0.036, breakeven_inflation_5y=0.036, btc_realized_vol_30=0.033, iv_rv_zscore=0.032
2026-03-16 15:25:49 [INFO] Feature importances saved \u2192 C:\Users\yalil\OneDrive\Desktop\AI-projects\quantitivestocks\models\crypto\XRP-USD_xgb_swing_importance.json
2026-03-16 15:25:49 [WARNING] [Feature Stability] XRP-USD: 'ret21' rank shifted by 45 (was #33, now #78)
2026-03-16 15:25:49 [WARNING] [Feature Stability] XRP-USD: 'ret5' rank shifted by 40 (was #37, now #77)
2026-03-16 15:25:49 [WARNING] [Feature Stability] XRP-USD: 'bb_bandwidth' rank shifted by 35 (was #40, now #75)
2026-03-16 15:25:49 [WARNING] [Feature Stability] XRP-USD: 'dv_accel' rank shifted by 23 (was #38, now #15)
2026-03-16 15:25:49 [WARNING] [Feature Stability] XRP-USD: 'vix_zscore' rank shifted by 22 (was #4, now #26)
2026-03-16 15:25:49 [WARNING] [Feature Stability] XRP-USD: 'sector_etf_rel_spy_21' rank shifted by 11 (was #39, now #28)
2026-03-16 15:25:49 [WARNING] [Feature Stability] XRP-USD: 'btc_realized_vol_30' rank shifted by 20 (was #29, now #9)
2026-03-16 15:25:49 [WARNING] [Feature Stability] XRP-USD: 'btc_drawdown' rank shifted by 25 (was #46, now #71)
2026-03-16 15:25:49 [WARNING] [Feature Stability] XRP-USD: 'eth_btc_ratio_zscore' rank shifted by 15 (was #21, now #6)
2026-03-16 15:25:49 [WARNING] [Feature Stability] XRP-USD: 'okx_long_short_ratio' rank shifted by 32 (was #42, now #74)
2026-03-16 15:25:49 [WARNING] [Feature Stability] XRP-USD: 'treasury_slope' rank shifted by 28 (was #71, now #43)
2026-03-16 15:25:49 [WARNING] [Feature Stability] XRP-USD: 'cboe_vix_term_spread' rank shifted by 15 (was #35, now #20)
2026-03-16 15:25:49 [WARNING] [Feature Stability] XRP-USD: 'cboe_vix_percentile' rank shifted by 21 (was #36, now #57)
2026-03-16 15:25:49 [WARNING] [Feature Stability] XRP-USD: 'credit_spread_zscore' rank shifted by 14 (was #3, now #17)
2026-03-16 15:25:49 [WARNING] [Feature Stability] XRP-USD: 'risk_appetite_ratio' rank shifted by 32 (was #31, now #63)
2026-03-16 15:25:49 [WARNING] [Feature Stability] XRP-USD: 'risk_appetite_trend' rank shifted by 14 (was #20, now #34)
2026-03-16 15:25:49 [WARNING] [Feature Stability] XRP-USD: 'real_yield_10y' rank shifted by 21 (was #41, now #62)
2026-03-16 15:25:49 [WARNING] [Feature Stability] XRP-USD: 'breakeven_inflation_5y' rank shifted by 11 (was #19, now #8)
2026-03-16 15:25:49 [WARNING] [Feature Stability] XRP-USD: 'beta_mkt' rank shifted by 18 (was #9, now #27)
2026-03-16 15:25:49 [WARNING] [Feature Stability] XRP-USD: 'beta_smb' rank shifted by 17 (was #25, now #42)
2026-03-16 15:25:49 [WARNING] [Feature Stability] XRP-USD: 'beta_rmw' rank shifted by 33 (was #57, now #24)
2026-03-16 15:25:49 [WARNING] [Feature Stability] XRP-USD: 'factor_momentum' rank shifted by 23 (was #55, now #32)
2026-03-16 15:25:49 [WARNING] [Feature Stability] XRP-USD: 'price_volume_divergence' rank shifted by 18 (was #67, now #49)
2026-03-16 15:25:49 [WARNING] [Feature Stability] XRP-USD: 'iv_rv_spread' rank shifted by 23 (was #12, now #35)
2026-03-16 15:25:49 [WARNING] [Feature Stability] XRP-USD: 'vvix_level' rank shifted by 28 (was #23, now #51)
2026-03-16 15:25:49 [WARNING] [Feature Stability] XRP-USD: 'fomc_proximity' rank shifted by 13 (was #16, now #29)
2026-03-16 15:25:49 [WARNING] [Feature Stability] XRP-USD: 'sector_dispersion' rank shifted by 12 (was #18, now #30)
2026-03-16 15:25:49 [WARNING] [Feature Stability] XRP-USD: 'breadth_momentum' rank shifted by 31 (was #14, now #45)
2026-03-16 15:25:49 [WARNING] [Feature Stability] XRP-USD: 'correlation_regime' rank shifted by 13 (was #49, now #36)
2026-03-16 15:25:49 [INFO] Saved swing XGBoost \u2192 C:\Users\yalil\OneDrive\Desktop\AI-projects\quantitivestocks\models\crypto\XRP-USD_xgb_swing.joblib (dir_acc=0.688)
2026-03-16 15:25:49 [INFO] [TFT] XRP-USD: 172 train / 44 val seqs, 79 features
2026-03-16 15:26:10 [INFO] [TFT] XRP-USD ep20: val_mse=0.059747  dir=0.636
2026-03-16 15:26:31 [INFO] [TFT] XRP-USD ep40: val_mse=0.052486  dir=0.545
2026-03-16 15:26:51 [INFO] [TFT] XRP-USD ep60: val_mse=0.035353  dir=0.636
